So happy!no bug!
96152bug
96152bug
43549bug
38464bug
13788bug
13788bug
13788bug
13788bug
2428bug
1095bug
1095bug
1095bug
17520bug
17520bug
17520bug
17520bug
9200bug
9200bug
9200bug
9200bug
9200bug
9200bug
1370bug
1370bug
1370bug
1370bug
1370bug
1370bug
1370bug
1370bug
1370bug
1370bug
1370bug
1370bug
1370bug
1370bug
1370bug
1370bug
1370bug
1370bug
0bug
0bug
0bug
0bug
0bug
0bug
0bug
0bug
0bug
0bug
0bug
0bug
0bug
0bug
0bug
0bug
0bug
0bug
0bug
0bug
0bug
0bug
0bug
0bug
0bug
0bug
0bug
0bug
0bug
0bug
0bug
0bug
0bug
0bug
0bug
0bug
0bug
0bug
0bug
0bug
0bug
0bug
0bug
0bug
0bug
0bug
0bug
0bug
0bug
0bug
0bug
0bug
0bug
0bug
0bug
0bug
0bug
0bug
0bug
0bug
122bug
122bug
122bug
122bug
122bug
122bug
122bug
122bug
122bug
122bug
122bug
122bug
122bug
122bug
122bug
122bug
122bug
122bug
122bug
122bug
122bug
122bug
122bug
122bug
122bug
122bug
122bug
122bug
122bug
122bug
122bug
122bug
122bug
122bug
122bug
122bug
122bug
122bug
122bug
122bug
122bug
122bug
122bug
122bug
122bug
122bug
122bug
122bug
122bug
122bug
972bug
972bug
972bug
972bug
972bug
972bug
972bug
972bug
972bug
972bug
972bug
972bug
1318bug
1318bug
1318bug
1318bug
1318bug
1318bug
1318bug
1318bug
1318bug
1318bug
1318bug
1318bug
1318bug
1318bug
1318bug
1318bug
1318bug
1318bug
1318bug
1318bug
1318bug
1318bug
1318bug
1318bug
1318bug
1318bug
1318bug
1318bug
1318bug
1318bug
1318bug
1318bug
1318bug
1746bug
1746bug
1746bug
1746bug
1746bug
1746bug
1746bug
1746bug
1746bug
1746bug
1746bug
1616bug
1616bug
1616bug
1616bug
1616bug
140bug
140bug
140bug
140bug
140bug
140bug
140bug
140bug
140bug
140bug
140bug
140bug
140bug
140bug
140bug
140bug
140bug
140bug
140bug
140bug
140bug
140bug
140bug
140bug
140bug
140bug
140bug
140bug
140bug
140bug
140bug
140bug
140bug
140bug
140bug
140bug
140bug
140bug
140bug
140bug
140bug
140bug
140bug
140bug
140bug
140bug
140bug
140bug
140bug
140bug
140bug
140bug
140bug
140bug
140bug
140bug
140bug
140bug
10bug
10bug
10bug
10bug
10bug
10bug
10bug
10bug
10bug
10bug
10bug
10bug
10bug
10bug
10bug
10bug
10bug
10bug
10bug
10bug
10bug
10bug
10bug
10bug
10bug
10bug
10bug
10bug
10bug
10bug
10bug
10bug
10bug
10bug
10bug
10bug
10bug
10bug
10bug
10bug
10bug
10bug
10bug
10bug
10bug
10bug
10bug
10bug
10bug
10bug
10bug
10bug
10bug
10bug
10bug
10bug
10bug
10bug
10bug
10bug
10bug
10bug
10bug
10bug
10bug
10bug
10bug
10bug
10bug
10bug
10bug
10bug
10bug
10bug
10bug
10bug
10bug
10bug
10bug
10bug
10bug
10bug
10bug
10bug
10bug
10bug
10bug
10bug
10bug
10bug
10bug
10bug
10bug
10bug
10bug
10bug
10bug
10bug
10bug
10bug
10bug
10bug
10bug
10bug
10bug
10bug
10bug
10bug
10bug
10bug
10bug
10bug
10bug
10bug
10bug
10bug
10bug
10bug
10bug
10bug
10bug
10bug
10bug
10bug
10bug
10bug
10bug
10bug
10bug
10bug
10bug
10bug
10bug
10bug
10bug
10bug
10bug
10bug
10bug
10bug
10bug
10bug
10bug
10bug
10bug
10bug
10bug
10bug
10bug
10bug
10bug
10bug
10bug
10bug
10bug
10bug
10bug
10bug
10bug
10bug
10bug
10bug
10bug
10bug
10bug
10bug
10bug
10bug
10bug
10bug
10bug
10bug
10bug
10bug
10bug
10bug
10bug
10bug
10bug
10bug
10bug
10bug
10bug
10bug
10bug
10bug
10bug
10bug
10bug
10bug
10bug
10bug
10bug
10bug
10bug
10bug
10bug
10bug
10bug
10bug
10bug
10bug
10bug
10bug
10bug
10bug
10bug
10bug
10bug
10bug
10bug
10bug
10bug
10bug
10bug
10bug
10bug
10bug
10bug
10bug
10bug
10bug
10bug
10bug
10bug
10bug
10bug
10bug
10bug
10bug
10bug
10bug
10bug
10bug
10bug
10bug
10bug
10bug
10bug
10bug
10bug
10bug
10bug
10bug
10bug
10bug
10bug
10bug
10bug
10bug
10bug
10bug
10bug
10bug
10bug
10bug
10bug
10bug
10bug
10bug
10bug
10bug
10bug
10bug
10bug
10bug
10bug
10bug
10bug
10bug
10bug
10bug
10bug
10bug
10bug
10bug
10bug
10bug
10bug
10bug
10bug
10bug
10bug
10bug
10bug
10bug
10bug
10bug
10bug
10bug
10bug
10bug
10bug
10bug
10bug
10bug
10bug
10bug
10bug
10bug
10bug
10bug
10bug
10bug
10bug
10bug
10bug
10bug
10bug
10bug
10bug
10bug
10bug
10bug
10bug
10bug
10bug
10bug
10bug
10bug
10bug
10bug
10bug
10bug
10bug
10bug
10bug
10bug
10bug
10bug
10bug
10bug
10bug
10bug
10bug
10bug
10bug
10bug
10bug
10bug
10bug
10bug
10bug
10bug
10bug
10bug
10bug
10bug
10bug
10bug
10bug
10bug
10bug
10bug
10bug
10bug
10bug
10bug
10bug
10bug
10bug
10bug
10bug
10bug
10bug
10bug
10bug
10bug
10bug
10bug
10bug
10bug
10bug
10bug
190bug
190bug
190bug
190bug
190bug
190bug
190bug
190bug
190bug
190bug
190bug
190bug
190bug
190bug
190bug
190bug
190bug
190bug
190bug
190bug
190bug
190bug
190bug
190bug
190bug
190bug
106bug
106bug
106bug
106bug
106bug
106bug
106bug
106bug
106bug
106bug
106bug
106bug
106bug
106bug
106bug
106bug
106bug
106bug
106bug
106bug
106bug
106bug
106bug
106bug
106bug
106bug
106bug
106bug
106bug
106bug
106bug
106bug
106bug
106bug
106bug
106bug
106bug
106bug
106bug
106bug
106bug
106bug
106bug
106bug
106bug
106bug
106bug
106bug
106bug
106bug
106bug
106bug
106bug
106bug
106bug
106bug
106bug
106bug
106bug
106bug
106bug
106bug
106bug
106bug
106bug
106bug
106bug
106bug
106bug
106bug
106bug
106bug
106bug
106bug
106bug
106bug
106bug
106bug
106bug
106bug
106bug
106bug
106bug
106bug
106bug
106bug
106bug
106bug
106bug
106bug
106bug
106bug
106bug
106bug
106bug
106bug
106bug
106bug
106bug
106bug
106bug
106bug
106bug
106bug
106bug
106bug
106bug
106bug
106bug
106bug
106bug
106bug
106bug
106bug
106bug
106bug
106bug
106bug
106bug
106bug
106bug
106bug
106bug
106bug
106bug
106bug
106bug
106bug
106bug
106bug
106bug
106bug
106bug
106bug
106bug
106bug
106bug
106bug
106bug
106bug
106bug
106bug
106bug
106bug
106bug
106bug
106bug
106bug
106bug
106bug
106bug
106bug
106bug
106bug
106bug
106bug
106bug
106bug
106bug
106bug
106bug
106bug
106bug
106bug
106bug
106bug
106bug
106bug
106bug
106bug
106bug
106bug
106bug
106bug
106bug
106bug
106bug
106bug
106bug
106bug
106bug
106bug
106bug
106bug
106bug
106bug
106bug
106bug
106bug
106bug
106bug
106bug
106bug
106bug
106bug
106bug
106bug
106bug
106bug
106bug
106bug
106bug
106bug
106bug
106bug
106bug
106bug
106bug
106bug
106bug
106bug
106bug
106bug
106bug
106bug
106bug
106bug
106bug
106bug
106bug
106bug
106bug
106bug
106bug
106bug
106bug
106bug
106bug
106bug
106bug
106bug
106bug
106bug
106bug
106bug
106bug
106bug
106bug
106bug
106bug
106bug
106bug
106bug
106bug
106bug
106bug
106bug
106bug
106bug
106bug
106bug
106bug
106bug
106bug
106bug
106bug
106bug
106bug
106bug
106bug
106bug
106bug
106bug
106bug
106bug
106bug
106bug
106bug
106bug
106bug
106bug
106bug
106bug
106bug
106bug
106bug
106bug
106bug
106bug
106bug
106bug
106bug
106bug
106bug
106bug
106bug
106bug
106bug
106bug
106bug
106bug
106bug
106bug
106bug
106bug
106bug
106bug
106bug
106bug
106bug
106bug
106bug
106bug
106bug
106bug
106bug
106bug
106bug
106bug
106bug
106bug
106bug
106bug
106bug
106bug
106bug
106bug
106bug
106bug
106bug
106bug
106bug
106bug
106bug
106bug
106bug
106bug
106bug
106bug
106bug
106bug
106bug
106bug
106bug
106bug
106bug
106bug
106bug
106bug
106bug
106bug
106bug
106bug
106bug
106bug
106bug
106bug
106bug
106bug
106bug
106bug
106bug
106bug
106bug
106bug
106bug
106bug
106bug
106bug
106bug
106bug
106bug
106bug
106bug
106bug
106bug
106bug
106bug
106bug
106bug
106bug
106bug
106bug
106bug
106bug
106bug
106bug
106bug
106bug
106bug
106bug
106bug
106bug
106bug
106bug
106bug
106bug
106bug
106bug
106bug
106bug
106bug
106bug
106bug
106bug
106bug
106bug
106bug
106bug
106bug
106bug
106bug
106bug
106bug
106bug
106bug
106bug
106bug
106bug
106bug
106bug
106bug
106bug
106bug
106bug
106bug
106bug
106bug
106bug
106bug
106bug
106bug
106bug
106bug
106bug
106bug
106bug
106bug
106bug
106bug
106bug
106bug
106bug
106bug
106bug
106bug
106bug
106bug
106bug
106bug
106bug
106bug
106bug
106bug
106bug
106bug
106bug
106bug
106bug
106bug
106bug
106bug
106bug
106bug
106bug
106bug
106bug
106bug
106bug
106bug
106bug
106bug
106bug
106bug
106bug
106bug
106bug
106bug
106bug
106bug
106bug
106bug
106bug
106bug
106bug
106bug
106bug
106bug
106bug
106bug
106bug
106bug
106bug
106bug
106bug
106bug
106bug
106bug
106bug
106bug
106bug
106bug
106bug
106bug
106bug
106bug
106bug
106bug
106bug
106bug
106bug
106bug
106bug
106bug
106bug
106bug
106bug
106bug
106bug
106bug
106bug
106bug
106bug
106bug
106bug
106bug
106bug
106bug
106bug
106bug
106bug
106bug
106bug
106bug
106bug
106bug
106bug
106bug
106bug
106bug
106bug
106bug
106bug
106bug
106bug
106bug
106bug
106bug
106bug
106bug
106bug
106bug
106bug
106bug
106bug
106bug
106bug
106bug
106bug
106bug
106bug
106bug
106bug
106bug
106bug
106bug
106bug
106bug
106bug
106bug
106bug
106bug
106bug
106bug
106bug
106bug
106bug
106bug
106bug
106bug
106bug
106bug
106bug
106bug
106bug
106bug
106bug
106bug
106bug
106bug
106bug
106bug
106bug
106bug
106bug
106bug
106bug
106bug
106bug
106bug
106bug
106bug
106bug
106bug
106bug
106bug
106bug
106bug
106bug
106bug
106bug
106bug
106bug
106bug
106bug
106bug
106bug
106bug
106bug
106bug
106bug
106bug
106bug
106bug
106bug
106bug
106bug
106bug
106bug
106bug
106bug
106bug
106bug
106bug
106bug
106bug
106bug
106bug
106bug
106bug
106bug
106bug
106bug
106bug
106bug
106bug
106bug
106bug
106bug
106bug
106bug
106bug
106bug
106bug
106bug
106bug
106bug
106bug
106bug
106bug
106bug
106bug
106bug
106bug
106bug
106bug
106bug
106bug
106bug
106bug
106bug
106bug
106bug
106bug
106bug
106bug
106bug
106bug
106bug
106bug
106bug
106bug
106bug
106bug
106bug
106bug
106bug
106bug
106bug
106bug
106bug
106bug
106bug
106bug
106bug
106bug
106bug
106bug
106bug
106bug
106bug
106bug
106bug
106bug
106bug
106bug
106bug
106bug
106bug
106bug
106bug
106bug
106bug
106bug
106bug
106bug
106bug
106bug
106bug
106bug
106bug
106bug
106bug
106bug
106bug
106bug
106bug
106bug
106bug
106bug
106bug
106bug
106bug
106bug
106bug
106bug
106bug
106bug
106bug
106bug
106bug
106bug
106bug
106bug
106bug
106bug
106bug
106bug
106bug
106bug
106bug
106bug
106bug
106bug
106bug
106bug
106bug
106bug
106bug
106bug
106bug
106bug
106bug
106bug
106bug
106bug
106bug
106bug
106bug
106bug
106bug
106bug
106bug
106bug
106bug
106bug
106bug
106bug
106bug
106bug
106bug
106bug
106bug
106bug
106bug
106bug
106bug
106bug
106bug
106bug
106bug
106bug
106bug
106bug
106bug
106bug
106bug
106bug
106bug
106bug
106bug
106bug
106bug
106bug
106bug
106bug
106bug
106bug
106bug
106bug
106bug
106bug
106bug
106bug
106bug
106bug
106bug
106bug
106bug
106bug
106bug
106bug
106bug
106bug
106bug
106bug
106bug
106bug
106bug
106bug
106bug
106bug
106bug
106bug
106bug
106bug
106bug
106bug
106bug
106bug
106bug
106bug
106bug
106bug
106bug
106bug
106bug
106bug
106bug
106bug
106bug
106bug
106bug
106bug
106bug
106bug
106bug
106bug
106bug
106bug
106bug
106bug
106bug
106bug
106bug
22bug
22bug
22bug
22bug
22bug
22bug
22bug
22bug
22bug
22bug
22bug
22bug
22bug
22bug
22bug
22bug
22bug
22bug
22bug
22bug
22bug
22bug
22bug
22bug
22bug
22bug
22bug
22bug
22bug
22bug
22bug
22bug
22bug
22bug
22bug
22bug
22bug
22bug
22bug
22bug
22bug
22bug
22bug
22bug
22bug
22bug
22bug
22bug
22bug
22bug
22bug
22bug
22bug
22bug
22bug
22bug
22bug
22bug
22bug
22bug
22bug
22bug
22bug
22bug
22bug
22bug
22bug
22bug
22bug
22bug
22bug
22bug
22bug
22bug
22bug
22bug
22bug
22bug
22bug
22bug
22bug
22bug
22bug
22bug
22bug
22bug
22bug
22bug
22bug
22bug
22bug
22bug
22bug
22bug
22bug
22bug
22bug
22bug
22bug
22bug
22bug
22bug
22bug
22bug
22bug
22bug
22bug
22bug
22bug
22bug
22bug
22bug
22bug
22bug
22bug
22bug
22bug
22bug
22bug
22bug
22bug
22bug
22bug
22bug
22bug
22bug
22bug
22bug
22bug
22bug
22bug
22bug
22bug
22bug
22bug
22bug
22bug
22bug
22bug
22bug
22bug
22bug
22bug
22bug
22bug
22bug
22bug
22bug
22bug
22bug
22bug
22bug
22bug
22bug
22bug
22bug
22bug
22bug
22bug
22bug
22bug
22bug
22bug
22bug
22bug
22bug
22bug
22bug
22bug
22bug
22bug
22bug
22bug
22bug
22bug
22bug
22bug
22bug
22bug
10bug
10bug
10bug
10bug
10bug
10bug
10bug
10bug
10bug
10bug
10bug
10bug
10bug
10bug
10bug
10bug
10bug
10bug
10bug
10bug
10bug
10bug
10bug
10bug
10bug
10bug
10bug
10bug
10bug
10bug
10bug
10bug
10bug
10bug
10bug
10bug
10bug
10bug
10bug
10bug
10bug
10bug
10bug
10bug
10bug
10bug
10bug
10bug
10bug
10bug
10bug
10bug
10bug
10bug
10bug
10bug
10bug
10bug
10bug
10bug
10bug
10bug
10bug
10bug
10bug
10bug
10bug
10bug
10bug
10bug
10bug
10bug
10bug
10bug
10bug
10bug
10bug
10bug
10bug
10bug
10bug
10bug
10bug
10bug
10bug
10bug
10bug
10bug
10bug
10bug
10bug
10bug
10bug
10bug
10bug
10bug
10bug
10bug
10bug
10bug
10bug
10bug
10bug
10bug
10bug
10bug
10bug
10bug
10bug
10bug
10bug
10bug
10bug
10bug
10bug
10bug
10bug
10bug
10bug
10bug
10bug
10bug
10bug
10bug
10bug
10bug
10bug
10bug
10bug
10bug
10bug
10bug
10bug
10bug
10bug
10bug
10bug
10bug
10bug
10bug
10bug
10bug
10bug
10bug
10bug
10bug
10bug
10bug
10bug
10bug
10bug
10bug
10bug
10bug
10bug
10bug
10bug
10bug
10bug
10bug
10bug
10bug
10bug
10bug
10bug
10bug
10bug
10bug
10bug
10bug
10bug
10bug
10bug
10bug
10bug
10bug
10bug
10bug
10bug
10bug
10bug
10bug
10bug
10bug
10bug
10bug
10bug
10bug
10bug
10bug
10bug
10bug
10bug
10bug
10bug
10bug
10bug
10bug
10bug
10bug
10bug
10bug
10bug
10bug
10bug
10bug
10bug
10bug
10bug
10bug
10bug
10bug
10bug
10bug
10bug
10bug
10bug
10bug
10bug
10bug
10bug
10bug
10bug
10bug
10bug
10bug
10bug
10bug
10bug
10bug
10bug
10bug
10bug
10bug
10bug
10bug
10bug
10bug
10bug
10bug
10bug
10bug
10bug
10bug
10bug
10bug
10bug
10bug
10bug
10bug
10bug
10bug
10bug
10bug
10bug
10bug
10bug
10bug
10bug
10bug
10bug
10bug
10bug
10bug
10bug
10bug
10bug
10bug
10bug
10bug
10bug
10bug
10bug
10bug
10bug
10bug
10bug
10bug
10bug
10bug
10bug
10bug
10bug
10bug
10bug
10bug
10bug
10bug
10bug
10bug
10bug
10bug
10bug
10bug
10bug
10bug
10bug
10bug
10bug
10bug
10bug
10bug
10bug
10bug
10bug
10bug
10bug
10bug
10bug
10bug
10bug
10bug
10bug
10bug
10bug
10bug
10bug
10bug
10bug
10bug
10bug
10bug
10bug
10bug
10bug
10bug
10bug
10bug
10bug
10bug
10bug
10bug
10bug
10bug
10bug
10bug
10bug
10bug
10bug
10bug
10bug
10bug
10bug
10bug
10bug
10bug
10bug
10bug
10bug
10bug
10bug
10bug
10bug
10bug
10bug
10bug
10bug
10bug
10bug
10bug
10bug
10bug
10bug
10bug
10bug
10bug
10bug
10bug
10bug
10bug
10bug
10bug
10bug
10bug
10bug
10bug
10bug
10bug
10bug
10bug
10bug
10bug
10bug
10bug
10bug
10bug
10bug
10bug
10bug
10bug
10bug
10bug
10bug
10bug
10bug
10bug
10bug
10bug
10bug
10bug
10bug
10bug
10bug
10bug
10bug
10bug
10bug
10bug
10bug
10bug
10bug
10bug
10bug
10bug
10bug
10bug
10bug
10bug
10bug
10bug
10bug
10bug
10bug
10bug
10bug
10bug
10bug
10bug
10bug
10bug
10bug
10bug
10bug
10bug
10bug
10bug
10bug
10bug
10bug
10bug
10bug
10bug
10bug
10bug
10bug
10bug
10bug
10bug
10bug
10bug
10bug
10bug
10bug
10bug
10bug
10bug
10bug
10bug
10bug
10bug
10bug
10bug
10bug
10bug
10bug
10bug
10bug
10bug
10bug
10bug
10bug
10bug
10bug
10bug
10bug
10bug
10bug
10bug
10bug
10bug
10bug
10bug
10bug
10bug
10bug
10bug
10bug
10bug
10bug
10bug
10bug
10bug
10bug
10bug
10bug
10bug
10bug
10bug
10bug
10bug
10bug
10bug
10bug
10bug
10bug
10bug
10bug
10bug
10bug
10bug
10bug
10bug
10bug
10bug
10bug
10bug
10bug
10bug
10bug
10bug
10bug
10bug
10bug
10bug
10bug
10bug
10bug
10bug
10bug
10bug
10bug
10bug
10bug
10bug
10bug
10bug
10bug
10bug
10bug
10bug
10bug
10bug
10bug
10bug
10bug
10bug
10bug
10bug
10bug
10bug
10bug
10bug
10bug
10bug
10bug
10bug
10bug
10bug
10bug
10bug
10bug
10bug
10bug
10bug
10bug
10bug
10bug
10bug
10bug
10bug
10bug
10bug
10bug
10bug
10bug
10bug
10bug
10bug
10bug
10bug
10bug
10bug
10bug
10bug
10bug
10bug
10bug
10bug
10bug
10bug
10bug
10bug
10bug
10bug
10bug
10bug
10bug
10bug
10bug
10bug
10bug
10bug
10bug
10bug
10bug
10bug
10bug
10bug
10bug
10bug
10bug
10bug
10bug
10bug
10bug
10bug
10bug
10bug
10bug
10bug
10bug
10bug
10bug
10bug
10bug
10bug
10bug
10bug
10bug
10bug
10bug
10bug
10bug
10bug
10bug
10bug
10bug
10bug
10bug
10bug
10bug
10bug
10bug
10bug
10bug
10bug
10bug
10bug
10bug
10bug
10bug
10bug
10bug
10bug
10bug
10bug
10bug
10bug
10bug
10bug
10bug
10bug
10bug
10bug
10bug
10bug
10bug
10bug
10bug
10bug
10bug
10bug
10bug
10bug
10bug
10bug
10bug
10bug
10bug
10bug
10bug
10bug
10bug
10bug
10bug
10bug
10bug
10bug
10bug
10bug
10bug
10bug
10bug
10bug
10bug
10bug
10bug
10bug
10bug
10bug
10bug
10bug
10bug
10bug
10bug
10bug
10bug
10bug
10bug
10bug
10bug
10bug
10bug
10bug
10bug
10bug
10bug
10bug
10bug
10bug
10bug
10bug
10bug
10bug
10bug
10bug
10bug
10bug
10bug
10bug
10bug
10bug
10bug
10bug
10bug
10bug
10bug
10bug
10bug
10bug
10bug
10bug
10bug
10bug
10bug
10bug
10bug
10bug
10bug
10bug
10bug
10bug
10bug
10bug
10bug
10bug
10bug
10bug
10bug
10bug
10bug
10bug
10bug
10bug
10bug
10bug
10bug
10bug
10bug
10bug
10bug
10bug
10bug
10bug
10bug
10bug
10bug
10bug
10bug
10bug
10bug
10bug
10bug
10bug
10bug
10bug
10bug
10bug
10bug
10bug
10bug
10bug
10bug
10bug
10bug
10bug
10bug
10bug
10bug
10bug
10bug
10bug
10bug
10bug
10bug
10bug
10bug
10bug
10bug
10bug
10bug
10bug
10bug
10bug
10bug
10bug
10bug
10bug
10bug
10bug
10bug
10bug
10bug
10bug
10bug
10bug
10bug
10bug
10bug
10bug
10bug
10bug
10bug
10bug
10bug
10bug
10bug
10bug
10bug
10bug
0bug
0bug
0bug
0bug
0bug
0bug
0bug
0bug
0bug
0bug
0bug
0bug
0bug
0bug
0bug
0bug
0bug
0bug
0bug
0bug
0bug
0bug
0bug
0bug
0bug
0bug
0bug
0bug
0bug
0bug
0bug
0bug
0bug
0bug
0bug
0bug
0bug
0bug
0bug
0bug
0bug
0bug
0bug
0bug
0bug
0bug
0bug
0bug
0bug
0bug
0bug
0bug
0bug
0bug
0bug
0bug
0bug
0bug
0bug
0bug
0bug
0bug
0bug
0bug
0bug
0bug
0bug
0bug
0bug
0bug
0bug
0bug
0bug
0bug
0bug
0bug
0bug
0bug
0bug
0bug
0bug
0bug
0bug
0bug
0bug
0bug
0bug
0bug
0bug
0bug
0bug
0bug
0bug
0bug
0bug
0bug
0bug
0bug
0bug
0bug
0bug
0bug
0bug
0bug
0bug
0bug
0bug
0bug
0bug
0bug
0bug
0bug
0bug
0bug
0bug
0bug
0bug
0bug
0bug
0bug
0bug
0bug
0bug
0bug
0bug
0bug
0bug
0bug
0bug
0bug
0bug
0bug
0bug
0bug
0bug
0bug
0bug
0bug
0bug
0bug
0bug
0bug
0bug
0bug
0bug
0bug
0bug
0bug
0bug
0bug
0bug
0bug
0bug
0bug
0bug
0bug
0bug
0bug
0bug
0bug
0bug
0bug
0bug
0bug
0bug
0bug
0bug
0bug
0bug
0bug
0bug
0bug
0bug
0bug
0bug
0bug
0bug
0bug
0bug
0bug
0bug
0bug
0bug
0bug
0bug
0bug
0bug
0bug
0bug
0bug
0bug
0bug
0bug
0bug
0bug
0bug
0bug
0bug
0bug
0bug
0bug
0bug
0bug
0bug
0bug
0bug
0bug
0bug
0bug
0bug
0bug
0bug
0bug
0bug
0bug
0bug
0bug
0bug
0bug
0bug
0bug
0bug
0bug
0bug
0bug
0bug
0bug
0bug
0bug
0bug
0bug
0bug
0bug
0bug
0bug
0bug
0bug
0bug
0bug
0bug
0bug
0bug
0bug
0bug
0bug
0bug
0bug
0bug
0bug
0bug
0bug
0bug
0bug
0bug
0bug
0bug
0bug
0bug
0bug
0bug
0bug
0bug
0bug
0bug
0bug
0bug
0bug
0bug
0bug
0bug
0bug
0bug
0bug
0bug
0bug
0bug
0bug
0bug
0bug
0bug
0bug
0bug
0bug
0bug
0bug
0bug
0bug
0bug
0bug
0bug
0bug
0bug
0bug
0bug
0bug
0bug
0bug
0bug
0bug
0bug
0bug
0bug
0bug
0bug
0bug
0bug
0bug
0bug
0bug
0bug
0bug
0bug
0bug
0bug
0bug
0bug
0bug
0bug
0bug
0bug
0bug
0bug
0bug
0bug
0bug
0bug
0bug
0bug
0bug
0bug
0bug
0bug
0bug
0bug
0bug
0bug
0bug
0bug
0bug
0bug
0bug
0bug
0bug
0bug
0bug
0bug
0bug
0bug
0bug
0bug
0bug
0bug
0bug
0bug
0bug
0bug
0bug
0bug
0bug
0bug
0bug
0bug
0bug
0bug
0bug
0bug
0bug
0bug
0bug
0bug
0bug
0bug
0bug
0bug
0bug
0bug
0bug
0bug
0bug
0bug
0bug
0bug
0bug
0bug
0bug
0bug
0bug
0bug
0bug
0bug
0bug
0bug
0bug
0bug
0bug
0bug
0bug
0bug
0bug
0bug
0bug
0bug
0bug
0bug
0bug
0bug
0bug
0bug
0bug
0bug
0bug
0bug
0bug
0bug
0bug
0bug
0bug
0bug
0bug
0bug
0bug
0bug
0bug
0bug
0bug
0bug
0bug
0bug
0bug
0bug
0bug
0bug
0bug
0bug
0bug
0bug
0bug
0bug
0bug
0bug
0bug
0bug
0bug
0bug
0bug
0bug
0bug
0bug
0bug
0bug
0bug
0bug
0bug
0bug
0bug
0bug
0bug
0bug
0bug
0bug
0bug
0bug
0bug
0bug
0bug
0bug
0bug
0bug
0bug
0bug
0bug
0bug
0bug
0bug
0bug
0bug
0bug
0bug
0bug
0bug
0bug
0bug
0bug
0bug
0bug
0bug
0bug
0bug
0bug
0bug
0bug
0bug
0bug
0bug
0bug
0bug
0bug
0bug
0bug
0bug
0bug
0bug
0bug
0bug
0bug
0bug
0bug
0bug
0bug
0bug
0bug
0bug
0bug
0bug
0bug
0bug
0bug
0bug
0bug
0bug
0bug
0bug
0bug
0bug
0bug
0bug
0bug
0bug
0bug
0bug
0bug
0bug
0bug
0bug
0bug
0bug
0bug
0bug
0bug
0bug
0bug
0bug
0bug
0bug
0bug
0bug
0bug
0bug
0bug
0bug
0bug
0bug
0bug
0bug
0bug
0bug
0bug
0bug
0bug
0bug
0bug
0bug
0bug
0bug
0bug
0bug
0bug
0bug
0bug
0bug
0bug
0bug
0bug
0bug
0bug
0bug
0bug
0bug
0bug
0bug
0bug
0bug
0bug
0bug
0bug
0bug
0bug
0bug
0bug
0bug
0bug
0bug
0bug
0bug
0bug
0bug
0bug
0bug
0bug
0bug
0bug
0bug
0bug
0bug
0bug
0bug
0bug
0bug
0bug
0bug
0bug
0bug
0bug
0bug
0bug
0bug
0bug
0bug
0bug
0bug
0bug
0bug
0bug
0bug
0bug
0bug
0bug
0bug
0bug
0bug
0bug
0bug
0bug
0bug
0bug
0bug
0bug
0bug
0bug
0bug
0bug
0bug
0bug
0bug
0bug
0bug
0bug
0bug
0bug
0bug
0bug
0bug
0bug
0bug
0bug
0bug
0bug
0bug
0bug
0bug
0bug
0bug
0bug
0bug
0bug
0bug
0bug
0bug
0bug
0bug
0bug
0bug
0bug
0bug
0bug
0bug
0bug
0bug
0bug
0bug
0bug
0bug
0bug
0bug
0bug
0bug
0bug
0bug
0bug
0bug
0bug
0bug
0bug
0bug
0bug
0bug
0bug
0bug
0bug
0bug
0bug
0bug
0bug
0bug
0bug
0bug
0bug
0bug
0bug
0bug
0bug
0bug
0bug
0bug
0bug
0bug
0bug
0bug
0bug
0bug
0bug
0bug
0bug
0bug
0bug
0bug
0bug
0bug
0bug
0bug
0bug
0bug
0bug
0bug
0bug
0bug
0bug
0bug
0bug
0bug
0bug
0bug
0bug
0bug
0bug
0bug
0bug
0bug
0bug
0bug
0bug
0bug
0bug
0bug
0bug
0bug
0bug
0bug
0bug
0bug
0bug
0bug
0bug
0bug
0bug
0bug
0bug
0bug
0bug
0bug
0bug
0bug
0bug
0bug
0bug
0bug
0bug
0bug
0bug
0bug
0bug
0bug
0bug
0bug
0bug
0bug
0bug
0bug
0bug
0bug
0bug
0bug
0bug
0bug
0bug
0bug
0bug
0bug
0bug
0bug
0bug
0bug
0bug
0bug
0bug
0bug
0bug
0bug
0bug
0bug
0bug
0bug
0bug
0bug
0bug
0bug
0bug
0bug
0bug
0bug
0bug
0bug
0bug
0bug
0bug
0bug
0bug
0bug
0bug
0bug
0bug
0bug
0bug
0bug
0bug
0bug
0bug
0bug
0bug
0bug
0bug
0bug
0bug
0bug
0bug
0bug
0bug
0bug
0bug
0bug
0bug
0bug
0bug
0bug
0bug
0bug
0bug
0bug
0bug
0bug
0bug
0bug
0bug
0bug
0bug
0bug
0bug
0bug
0bug
0bug
0bug
0bug
0bug
0bug
0bug
0bug
0bug
0bug
0bug
0bug
0bug
0bug
0bug
0bug
0bug
0bug
0bug
0bug
0bug
0bug
0bug
0bug
0bug
0bug
0bug
0bug
0bug
0bug
0bug
0bug
0bug
0bug
0bug
0bug
0bug
0bug
0bug
0bug
0bug
0bug
0bug
0bug
0bug
0bug
0bug
0bug
0bug
0bug
0bug
0bug
0bug
0bug
0bug
0bug
0bug
0bug
0bug
0bug
0bug
0bug
0bug
0bug
0bug
0bug
0bug
0bug
0bug
0bug
0bug
0bug
0bug
0bug
0bug
0bug
0bug
0bug
0bug
0bug
0bug
0bug
0bug
0bug
0bug
0bug
0bug
0bug
0bug
0bug
0bug
0bug
0bug
0bug
0bug
0bug
0bug
0bug
0bug
0bug
0bug
0bug
0bug
0bug
0bug
0bug
0bug
0bug
0bug
0bug
0bug
0bug
0bug
0bug
0bug
0bug
0bug
0bug
0bug
0bug
0bug
0bug
0bug
0bug
0bug
0bug
0bug
0bug
0bug
0bug
0bug
0bug
0bug
0bug
0bug
0bug
0bug
0bug
0bug
0bug
0bug
0bug
0bug
0bug
0bug
0bug
0bug
0bug
0bug
0bug
0bug
0bug
0bug
0bug
0bug
0bug
0bug
0bug
0bug
0bug
0bug
0bug
0bug
0bug
0bug
0bug
0bug
0bug
0bug
0bug
0bug
0bug
0bug
0bug
0bug
0bug
0bug
0bug
0bug
0bug
0bug
0bug
0bug
0bug
0bug
0bug
0bug
0bug
0bug
0bug
0bug
0bug
0bug
0bug
0bug
0bug
0bug
0bug
0bug
0bug
0bug
0bug
0bug
0bug
0bug
0bug
0bug
0bug
0bug
0bug
0bug
0bug
0bug
0bug
0bug
0bug
0bug
0bug
0bug
0bug
0bug
0bug
0bug
0bug
0bug
0bug
0bug
0bug
0bug
0bug
0bug
0bug
0bug
0bug
0bug
0bug
0bug
0bug
0bug
0bug
0bug
0bug
0bug
0bug
0bug
0bug
0bug
0bug
0bug
0bug
0bug
0bug
0bug
0bug
0bug
0bug
0bug
0bug
0bug
0bug
0bug
0bug
0bug
0bug
0bug
0bug
0bug
0bug
0bug
0bug
0bug
0bug
0bug
0bug
0bug
0bug
0bug
0bug
0bug
0bug
0bug
0bug
0bug
0bug
0bug
0bug
0bug
0bug
0bug
0bug
0bug
0bug
0bug
0bug
0bug
0bug
0bug
0bug
0bug
0bug
0bug
0bug
0bug
0bug
0bug
0bug
0bug
0bug
0bug
0bug
0bug
0bug
0bug
0bug
0bug
0bug
0bug
0bug
0bug
0bug
0bug
0bug
0bug
0bug
0bug
0bug
0bug
0bug
0bug
0bug
0bug
0bug
0bug
0bug
0bug
0bug
0bug
0bug
0bug
0bug
0bug
0bug
0bug
0bug
0bug
0bug
0bug
0bug
0bug
0bug
0bug
0bug
0bug
0bug
0bug
0bug
0bug
0bug
0bug
0bug
0bug
0bug
0bug
0bug
0bug
0bug
0bug
0bug
0bug
0bug
0bug
0bug
0bug
0bug
0bug
0bug
0bug
0bug
0bug
0bug
0bug
0bug
0bug
0bug
0bug
0bug
0bug
0bug
0bug
0bug
0bug
0bug
0bug
0bug
0bug
0bug
0bug
0bug
0bug
0bug
0bug
0bug
0bug
0bug
0bug
0bug
0bug
0bug
0bug
0bug
0bug
0bug
0bug
0bug
0bug
0bug
0bug
0bug
0bug
0bug
0bug
0bug
0bug
0bug
0bug
0bug
0bug
0bug
0bug
0bug
0bug
0bug
0bug
0bug
0bug
0bug
0bug
0bug
0bug
0bug
0bug
0bug
0bug
0bug
0bug
0bug
0bug
0bug
0bug
0bug
0bug
0bug
0bug
0bug
0bug
0bug
0bug
0bug
0bug
0bug
0bug
0bug
0bug
0bug
0bug
0bug
0bug
0bug
0bug
0bug
0bug
0bug
0bug
0bug
0bug
0bug
0bug
0bug
0bug
0bug
0bug
0bug
0bug
0bug
0bug
0bug
0bug
0bug
0bug
0bug
0bug
0bug
0bug
0bug
0bug
0bug
0bug
0bug
0bug
0bug
0bug
0bug
0bug
0bug
0bug
0bug
0bug
0bug
0bug
0bug
0bug
0bug
0bug
0bug
0bug
0bug
0bug
0bug
0bug
0bug
0bug
0bug
0bug
0bug
0bug
0bug
0bug
0bug
0bug
0bug
0bug
0bug
0bug
0bug
0bug
0bug
0bug
0bug
0bug
0bug
0bug
0bug
0bug
0bug
0bug
0bug
0bug
0bug
0bug
0bug
0bug
0bug
0bug
0bug
0bug
0bug
0bug
0bug
0bug
0bug
0bug
0bug
0bug
0bug
0bug
0bug
0bug
0bug
0bug
0bug
0bug
0bug
0bug
0bug
0bug
0bug
0bug
0bug
0bug
0bug
0bug
0bug
0bug
0bug
0bug
0bug
0bug
0bug
0bug
0bug
0bug
0bug
0bug
0bug
0bug
0bug
0bug
0bug
0bug
0bug
0bug
0bug
0bug
0bug
0bug
0bug
0bug
0bug
0bug
0bug
0bug
0bug
0bug
0bug
0bug
0bug
0bug
0bug
0bug
0bug
0bug
0bug
0bug
0bug
0bug
0bug
0bug
0bug
0bug
0bug
0bug
0bug
0bug
0bug
0bug
0bug
0bug
0bug
0bug
0bug
0bug
0bug
0bug
0bug
0bug
0bug
0bug
0bug
0bug
0bug
0bug
0bug
0bug
0bug
0bug
0bug
0bug
0bug
0bug
0bug
0bug
0bug
0bug
0bug
0bug
0bug
0bug
0bug
0bug
0bug
0bug
0bug
0bug
0bug
0bug
0bug
0bug
0bug
0bug
0bug
0bug
0bug
0bug
0bug
0bug
0bug
0bug
0bug
0bug
0bug
0bug
0bug
0bug
0bug
0bug
0bug
0bug
0bug
0bug
0bug
0bug
0bug
0bug
0bug
0bug
0bug
0bug
0bug
0bug
0bug
0bug
0bug
0bug
0bug
0bug
0bug
0bug
0bug
0bug
0bug
0bug
0bug
0bug
0bug
0bug
0bug
0bug
0bug
0bug
0bug
0bug
0bug
0bug
0bug
0bug
0bug
0bug
0bug
0bug
0bug
0bug
0bug
0bug
0bug
0bug
0bug
0bug
0bug
0bug
0bug
0bug
0bug
0bug
0bug
0bug
0bug
0bug
0bug
0bug
0bug
0bug
0bug
0bug
0bug
0bug
0bug
0bug
0bug
0bug
0bug
0bug
0bug
0bug
0bug
0bug
0bug
0bug
0bug
0bug
0bug
0bug
0bug
0bug
0bug
0bug
0bug
0bug
0bug
0bug
0bug
0bug
0bug
0bug
0bug
0bug
0bug
0bug
0bug
0bug
0bug
0bug
0bug
0bug
0bug
0bug
0bug
0bug
0bug
0bug
0bug
0bug
0bug
0bug
0bug
0bug
0bug
0bug
0bug
0bug
0bug
0bug
0bug
0bug
0bug
0bug
0bug
0bug
0bug
0bug
0bug
0bug
0bug
0bug
0bug
0bug
0bug
0bug
0bug
0bug
0bug
0bug
0bug
0bug
0bug
0bug
0bug
0bug
0bug
0bug
0bug
0bug
0bug
0bug
0bug
0bug
0bug
0bug
0bug
0bug
0bug
0bug
0bug
0bug
0bug
0bug
0bug
0bug
0bug
0bug
0bug
0bug
0bug
0bug
0bug
0bug
0bug
0bug
0bug
0bug
0bug
0bug
0bug
0bug
0bug
0bug
0bug
0bug
0bug
0bug
0bug
0bug
0bug
0bug
0bug
0bug
0bug
0bug
0bug
0bug
0bug
0bug
0bug
0bug
0bug
0bug
0bug
0bug
0bug
0bug
0bug
0bug
0bug
0bug
0bug
0bug
0bug
0bug
0bug
0bug
0bug
0bug
0bug
0bug
0bug
0bug
0bug
0bug
0bug
0bug
0bug
0bug
0bug
0bug
0bug
0bug
0bug
0bug
0bug
0bug
0bug
0bug
0bug
0bug
0bug
0bug
0bug
0bug
0bug
0bug
0bug
0bug
0bug
0bug
0bug
0bug
0bug
0bug
0bug
0bug
0bug
0bug
0bug
0bug
0bug
0bug
0bug
0bug
0bug
0bug
0bug
0bug
0bug
0bug
0bug
0bug
0bug
0bug
0bug
0bug
0bug
0bug
0bug
0bug
0bug
0bug
0bug
0bug
0bug
0bug
0bug
0bug
0bug
0bug
0bug
0bug
0bug
0bug
0bug
0bug
0bug
0bug
0bug
0bug
0bug
0bug
0bug
0bug
0bug
0bug
0bug
0bug
0bug
0bug
0bug
0bug
0bug
0bug
0bug
0bug
0bug
0bug
0bug
0bug
0bug
0bug
0bug
0bug
0bug
0bug
0bug
0bug
0bug
0bug
0bug
0bug
0bug
0bug
0bug
0bug
0bug
0bug
0bug
0bug
0bug
0bug
0bug
0bug
0bug
0bug
0bug
0bug
0bug
0bug
0bug
0bug
0bug
0bug
0bug
0bug
0bug
0bug
0bug
0bug
0bug
0bug
0bug
0bug
0bug
0bug
0bug
0bug
0bug
0bug
0bug
0bug
0bug
0bug
0bug
0bug
0bug
0bug
0bug
0bug
0bug
0bug
0bug
0bug
0bug
0bug
0bug
0bug
0bug
0bug
0bug
0bug
0bug
0bug
0bug
0bug
0bug
0bug
0bug
0bug
0bug
0bug
0bug
0bug
0bug
0bug
0bug
0bug
0bug
0bug
0bug
0bug
0bug
0bug
0bug
0bug
0bug
0bug
0bug
0bug
0bug
0bug
0bug
0bug
0bug
0bug
0bug
0bug
0bug
0bug
0bug
0bug
0bug
0bug
0bug
0bug
0bug
0bug
0bug
0bug
0bug
0bug
0bug
0bug
0bug
0bug
0bug
0bug
0bug
0bug
0bug
0bug
0bug
0bug
0bug
0bug
0bug
0bug
0bug
0bug
0bug
0bug
0bug
0bug
0bug
0bug
0bug
0bug
0bug
0bug
0bug
0bug
0bug
0bug
0bug
0bug
0bug
0bug
0bug
0bug
0bug
0bug
0bug
0bug
0bug
0bug
0bug
0bug
0bug
0bug
0bug
0bug
0bug
0bug
0bug
0bug
0bug
0bug
0bug
0bug
0bug
0bug
0bug
0bug
0bug
0bug
0bug
0bug
0bug
0bug
0bug
0bug
0bug
0bug
0bug
0bug
0bug
0bug
0bug
0bug
0bug
0bug
0bug
0bug
0bug
0bug
0bug
0bug
0bug
0bug
0bug
0bug
0bug
0bug
0bug
0bug
0bug
0bug
0bug
0bug
0bug
0bug
0bug
0bug
0bug
0bug
0bug
0bug
0bug
0bug
0bug
0bug
0bug
0bug
0bug
0bug
0bug
0bug
0bug
0bug
0bug
0bug
0bug
0bug
0bug
0bug
0bug
0bug
0bug
0bug
0bug
0bug
0bug
0bug
0bug
0bug
0bug
0bug
0bug
0bug
0bug
0bug
0bug
0bug
0bug
0bug
0bug
0bug
0bug
0bug
0bug
0bug
0bug
0bug
0bug
0bug
0bug
0bug
0bug
0bug
0bug
0bug
0bug
0bug
0bug
0bug
0bug
0bug
0bug
0bug
0bug
0bug
0bug
0bug
0bug
0bug
0bug
0bug
0bug
0bug
0bug
0bug
0bug
0bug
0bug
0bug
0bug
0bug
0bug
0bug
0bug
0bug
0bug
0bug
0bug
0bug
0bug
0bug
0bug
0bug
0bug
0bug
0bug
0bug
0bug
0bug
0bug
0bug
0bug
0bug
0bug
0bug
0bug
0bug
0bug
0bug
0bug
0bug
0bug
0bug
0bug
0bug
0bug
0bug
0bug
0bug
0bug
0bug
0bug
0bug
0bug
0bug
0bug
0bug
0bug
0bug
0bug
0bug
0bug
0bug
0bug
0bug
0bug
0bug
0bug
0bug
0bug
0bug
0bug
0bug
0bug
0bug
0bug
0bug
0bug
0bug
0bug
0bug
0bug
0bug
0bug
0bug
0bug
0bug
0bug
0bug
0bug
0bug
0bug
0bug
0bug
0bug
0bug
0bug
0bug
0bug
0bug
0bug
0bug
0bug
0bug
0bug
0bug
0bug
0bug
0bug
0bug
0bug
0bug
0bug
0bug
0bug
0bug
0bug
0bug
0bug
0bug
0bug
0bug
0bug
0bug
0bug
0bug
0bug
0bug
0bug
0bug
0bug
0bug
0bug
0bug
0bug
0bug
0bug
0bug
0bug
0bug
0bug
0bug
0bug
0bug
0bug
0bug
0bug
0bug
0bug
0bug
0bug
0bug
0bug
0bug
0bug
0bug
0bug
0bug
0bug
0bug
0bug
0bug
0bug
0bug
0bug
0bug
0bug
0bug
0bug
0bug
0bug
0bug
0bug
0bug
0bug
0bug
0bug
0bug
0bug
0bug
0bug
0bug
0bug
0bug
0bug
0bug
0bug
0bug
0bug
0bug
0bug
0bug
0bug
0bug
0bug
0bug
0bug
0bug
0bug
0bug
0bug
0bug
0bug
0bug
0bug
0bug
0bug
0bug
0bug
0bug
0bug
0bug
0bug
0bug
0bug
0bug
0bug
0bug
0bug
0bug
0bug
0bug
0bug
0bug
0bug
0bug
0bug
0bug
0bug
0bug
0bug
0bug
0bug
0bug
0bug
0bug
0bug
0bug
0bug
0bug
0bug
0bug
0bug
0bug
0bug
0bug
0bug
0bug
0bug
0bug
0bug
0bug
0bug
0bug
0bug
0bug
0bug
0bug
0bug
0bug
0bug
0bug
0bug
0bug
0bug
0bug
0bug
0bug
0bug
0bug
0bug
0bug
0bug
0bug
0bug
0bug
0bug
0bug
0bug
0bug
0bug
0bug
0bug
0bug
0bug
0bug
0bug
0bug
0bug
0bug
0bug
0bug
0bug
0bug
0bug
0bug
0bug
0bug
0bug
0bug
0bug
0bug
0bug
0bug
0bug
0bug
0bug
0bug
0bug
0bug
0bug
0bug
0bug
0bug
0bug
0bug
0bug
0bug
0bug
0bug
0bug
0bug
0bug
0bug
0bug
0bug
0bug
0bug
0bug
0bug
0bug
0bug
0bug
0bug
0bug
0bug
0bug
0bug
0bug
0bug
0bug
0bug
0bug
0bug
0bug
0bug
0bug
0bug
0bug
0bug
0bug
0bug
0bug
0bug
0bug
0bug
0bug
0bug
0bug
0bug
0bug
0bug
0bug
0bug
0bug
0bug
0bug
0bug
0bug
0bug
0bug
0bug
0bug
0bug
0bug
0bug
0bug
0bug
0bug
0bug
0bug
0bug
0bug
0bug
0bug
0bug
0bug
0bug
0bug
0bug
0bug
0bug
0bug
0bug
0bug
0bug
0bug
0bug
0bug
0bug
0bug
0bug
0bug
0bug
0bug
0bug
0bug
0bug
0bug
0bug
0bug
0bug
0bug
0bug
0bug
0bug
0bug
0bug
0bug
0bug
0bug
0bug
0bug
0bug
0bug
0bug
0bug
0bug
0bug
0bug
0bug
0bug
0bug
0bug
0bug
0bug
0bug
0bug
0bug
0bug
0bug
0bug
0bug
0bug
0bug
0bug
0bug
0bug
0bug
0bug
0bug
0bug
0bug
0bug
0bug
0bug
0bug
0bug
0bug
0bug
0bug
0bug
0bug
0bug
0bug
0bug
0bug
0bug
0bug
0bug
0bug
0bug
0bug
0bug
0bug
0bug
0bug
0bug
0bug
0bug
0bug
0bug
0bug
0bug
0bug
0bug
0bug
0bug
0bug
0bug
0bug
0bug
0bug
0bug
0bug
0bug
0bug
0bug
0bug
0bug
0bug
0bug
0bug
0bug
0bug
0bug
0bug
0bug
0bug
0bug
0bug
0bug
0bug
0bug
0bug
0bug
0bug
0bug
0bug
0bug
0bug
0bug
0bug
0bug
0bug
0bug
0bug
0bug
0bug
0bug
0bug
0bug
0bug
0bug
0bug
0bug
0bug
0bug
0bug
0bug
0bug
0bug
0bug
0bug
0bug
0bug
0bug
0bug
0bug
0bug
0bug
0bug
0bug
0bug
0bug
0bug
0bug
0bug
0bug
0bug
0bug
0bug
0bug
0bug
0bug
0bug
0bug
0bug
0bug
0bug
0bug
0bug
0bug
0bug
0bug
0bug
0bug
0bug
0bug
0bug
0bug
0bug
0bug
0bug
0bug
0bug
0bug
0bug
0bug
0bug
0bug
0bug
0bug
0bug
0bug
0bug
0bug
0bug
0bug
0bug
0bug
0bug
0bug
0bug
0bug
0bug
0bug
0bug
0bug
0bug
0bug
0bug
0bug
0bug
0bug
0bug
0bug
0bug
0bug
0bug
0bug
0bug
0bug
0bug
0bug
0bug
0bug
0bug
0bug
0bug
0bug
0bug
0bug
0bug
0bug
0bug
0bug
0bug
0bug
0bug
0bug
0bug
0bug
0bug
0bug
0bug
0bug
0bug
0bug
0bug
0bug
0bug
0bug
0bug
0bug
0bug
0bug
0bug
0bug
0bug
0bug
0bug
0bug
0bug
0bug
0bug
0bug
0bug
0bug
0bug
0bug
0bug
0bug
0bug
0bug
0bug
0bug
0bug
0bug
0bug
0bug
0bug
0bug
0bug
0bug
0bug
0bug
0bug
0bug
0bug
0bug
0bug
0bug
0bug
0bug
0bug
0bug
0bug
0bug
0bug
0bug
0bug
0bug
0bug
0bug
0bug
0bug
0bug
0bug
0bug
0bug
0bug
0bug
0bug
0bug
0bug
0bug
0bug
0bug
0bug
0bug
0bug
0bug
0bug
0bug
0bug
0bug
0bug
0bug
0bug
0bug
0bug
0bug
0bug
0bug
0bug
0bug
0bug
0bug
0bug
0bug
0bug
0bug
0bug
0bug
0bug
0bug
0bug
0bug
0bug
0bug
0bug
0bug
0bug
0bug
0bug
0bug
0bug
0bug
0bug
0bug
0bug
0bug
0bug
0bug
0bug
0bug
0bug
0bug
0bug
0bug
0bug
0bug
0bug
0bug
0bug
0bug
0bug
0bug
0bug
0bug
0bug
0bug
0bug
0bug
0bug
0bug
0bug
0bug
0bug
0bug
0bug
0bug
0bug
0bug
0bug
0bug
0bug
0bug
0bug
0bug
0bug
0bug
0bug
0bug
0bug
0bug
0bug
0bug
0bug
0bug
0bug
0bug
0bug
0bug
0bug
0bug
0bug
0bug
0bug
0bug
0bug
0bug
0bug
0bug
0bug
0bug
0bug
0bug
0bug
0bug
0bug
0bug
0bug
0bug
0bug
0bug
0bug
0bug
0bug
0bug
0bug
0bug
0bug
0bug
0bug
0bug
0bug
0bug
0bug
0bug
0bug
0bug
0bug
0bug
0bug
0bug
0bug
0bug
0bug
0bug
0bug
0bug
0bug
0bug
0bug
0bug
0bug
0bug
0bug
0bug
0bug
0bug
0bug
0bug
0bug
0bug
0bug
0bug
0bug
0bug
0bug
0bug
0bug
0bug
0bug
0bug
0bug
0bug
0bug
0bug
0bug
0bug
0bug
0bug
0bug
0bug
0bug
0bug
0bug
0bug
0bug
0bug
0bug
0bug
0bug
0bug
0bug
0bug
0bug
0bug
0bug
0bug
0bug
0bug
0bug
0bug
0bug
0bug
0bug
0bug
0bug
0bug
0bug
0bug
0bug
0bug
0bug
0bug
0bug
0bug
0bug
0bug
0bug
0bug
0bug
0bug
0bug
0bug
0bug
0bug
0bug
0bug
0bug
0bug
0bug
0bug
0bug
0bug
0bug
0bug
0bug
0bug
0bug
0bug
0bug
0bug
0bug
0bug
0bug
0bug
0bug
0bug
0bug
0bug
0bug
0bug
0bug
0bug
0bug
0bug
0bug
0bug
0bug
0bug
0bug
0bug
0bug
0bug
0bug
0bug
0bug
0bug
0bug
0bug
0bug
0bug
0bug
0bug
0bug
0bug
0bug
0bug
0bug
0bug
0bug
0bug
0bug
0bug
0bug
0bug
0bug
0bug
0bug
0bug
0bug
0bug
0bug
0bug
0bug
0bug
0bug
0bug
0bug
0bug
0bug
0bug
0bug
0bug
0bug
0bug
0bug
0bug
0bug
0bug
0bug
0bug
0bug
0bug
0bug
0bug
0bug
0bug
0bug
0bug
0bug
0bug
0bug
0bug
0bug
0bug
0bug
0bug
0bug
0bug
0bug
0bug
0bug
0bug
0bug
0bug
0bug
0bug
0bug
0bug
0bug
0bug
0bug
0bug
0bug
0bug
0bug
0bug
0bug
0bug
0bug
0bug
0bug
0bug
0bug
0bug
0bug
0bug
0bug
0bug
0bug
0bug
0bug
0bug
0bug
0bug
0bug
0bug
0bug
0bug
0bug
0bug
0bug
0bug
0bug
0bug
0bug
0bug
0bug
0bug
0bug
0bug
0bug
0bug
0bug
0bug
0bug
0bug
0bug
0bug
0bug
0bug
0bug
0bug
0bug
0bug
0bug
0bug
0bug
0bug
0bug
0bug
0bug
0bug
0bug
0bug
0bug
0bug
0bug
0bug
0bug
0bug
0bug
0bug
0bug
0bug
0bug
0bug
0bug
0bug
0bug
0bug
0bug
0bug
0bug
0bug
0bug
0bug
0bug
0bug
0bug
0bug
0bug
0bug
0bug
0bug
0bug
0bug
0bug
0bug
0bug
0bug
0bug
0bug
0bug
0bug
0bug
0bug
0bug
0bug
0bug
0bug
0bug
0bug
0bug
0bug
0bug
0bug
0bug
0bug
0bug
0bug
0bug
0bug
0bug
0bug
0bug
0bug
0bug
0bug
0bug
0bug
0bug
0bug
0bug
0bug
0bug
0bug
0bug
0bug
0bug
0bug
0bug
0bug
0bug
0bug
0bug
0bug
0bug
0bug
0bug
0bug
0bug
0bug
0bug
0bug
0bug
0bug
0bug
0bug
0bug
0bug
0bug
0bug
0bug
0bug
0bug
0bug
0bug
0bug
0bug
0bug
0bug
0bug
0bug
0bug
0bug
0bug
0bug
0bug
0bug
0bug
0bug
0bug
0bug
0bug
0bug
0bug
0bug
0bug
0bug
0bug
0bug
0bug
0bug
0bug
0bug
0bug
0bug
0bug
0bug
0bug
0bug
0bug
0bug
0bug
0bug
0bug
0bug
0bug
0bug
0bug
0bug
0bug
0bug
0bug
0bug
0bug
0bug
0bug
0bug
0bug
0bug
0bug
0bug
0bug
0bug
0bug
0bug
0bug
0bug
0bug
0bug
0bug
0bug
0bug
0bug
0bug
0bug
0bug
0bug
0bug
0bug
0bug
0bug
0bug
0bug
0bug
0bug
0bug
0bug
0bug
0bug
0bug
0bug
0bug
0bug
0bug
0bug
0bug
0bug
0bug
0bug
0bug
0bug
0bug
0bug
0bug
0bug
0bug
0bug
0bug
0bug
0bug
0bug
0bug
0bug
0bug
0bug
0bug
0bug
0bug
0bug
0bug
0bug
0bug
0bug
0bug
0bug
0bug
0bug
0bug
0bug
0bug
0bug
0bug
0bug
0bug
0bug
0bug
0bug
0bug
0bug
0bug
0bug
0bug
0bug
0bug
0bug
0bug
0bug
0bug
0bug
0bug
0bug
0bug
0bug
0bug
0bug
0bug
0bug
0bug
0bug
0bug
0bug
0bug
0bug
0bug
0bug
0bug
0bug
0bug
0bug
0bug
0bug
0bug
0bug
0bug
0bug
0bug
0bug
0bug
0bug
0bug
0bug
0bug
0bug
0bug
0bug
0bug
0bug
0bug
0bug
0bug
0bug
0bug
0bug
0bug
0bug
0bug
0bug
0bug
0bug
0bug
0bug
0bug
0bug
0bug
0bug
0bug
0bug
0bug
0bug
0bug
0bug
0bug
0bug
0bug
0bug
0bug
0bug
0bug
0bug
0bug
0bug
0bug
0bug
0bug
0bug
0bug
0bug
0bug
0bug
0bug
0bug
0bug
0bug
0bug
0bug
0bug
0bug
0bug
0bug
0bug
0bug
0bug
0bug
0bug
0bug
0bug
0bug
0bug
0bug
0bug
0bug
0bug
0bug
0bug
0bug
0bug
0bug
0bug
0bug
0bug
0bug
0bug
0bug
0bug
0bug
0bug
0bug
0bug
0bug
0bug
0bug
0bug
0bug
0bug
0bug
0bug
0bug
0bug
0bug
0bug
0bug
0bug
0bug
0bug
0bug
0bug
0bug
0bug
0bug
0bug
0bug
0bug
0bug
0bug
0bug
0bug
0bug
0bug
0bug
0bug
0bug
0bug
0bug
0bug
0bug
0bug
0bug
0bug
0bug
0bug
0bug
0bug
0bug
0bug
0bug
0bug
0bug
0bug
0bug
0bug
0bug
0bug
0bug
0bug
0bug
0bug
0bug
0bug
0bug
0bug
0bug
0bug
0bug
0bug
0bug
0bug
0bug
0bug
0bug
0bug
0bug
0bug
0bug
0bug
0bug
0bug
0bug
0bug
0bug
0bug
0bug
0bug
0bug
0bug
0bug
0bug
0bug
0bug
0bug
0bug
0bug
0bug
0bug
0bug
0bug
0bug
0bug
0bug
0bug
0bug
0bug
0bug
0bug
0bug
0bug
0bug
0bug
0bug
0bug
0bug
0bug
0bug
0bug
0bug
0bug
0bug
0bug
0bug
0bug
0bug
0bug
0bug
0bug
0bug
0bug
0bug
0bug
0bug
0bug
0bug
0bug
0bug
0bug
0bug
0bug
0bug
0bug
0bug
0bug
0bug
0bug
0bug
0bug
0bug
0bug
0bug
0bug
0bug
0bug
0bug
0bug
0bug
0bug
0bug
0bug
0bug
0bug
0bug
0bug
0bug
0bug
0bug
0bug
0bug
0bug
0bug
0bug
0bug
0bug
0bug
0bug
0bug
0bug
0bug
0bug
0bug
0bug
0bug
0bug
0bug
0bug
0bug
0bug
0bug
0bug
0bug
0bug
0bug
0bug
0bug
0bug
0bug
0bug
0bug
0bug
0bug
0bug
0bug
0bug
0bug
0bug
0bug
0bug
0bug
0bug
0bug
0bug
0bug
0bug
0bug
0bug
0bug
0bug
0bug
0bug
0bug
0bug
0bug
0bug
0bug
0bug
0bug
0bug
0bug
0bug
0bug
0bug
0bug
0bug
0bug
0bug
0bug
0bug
0bug
0bug
0bug
0bug
0bug
0bug
0bug
0bug
0bug
0bug
0bug
0bug
0bug
0bug
0bug
0bug
0bug
0bug
0bug
0bug
0bug
0bug
0bug
0bug
0bug
0bug
0bug
0bug
0bug
0bug
0bug
0bug
0bug
0bug
0bug
0bug
0bug
0bug
0bug
0bug
0bug
0bug
0bug
0bug
0bug
0bug
0bug
0bug
0bug
0bug
0bug
0bug
0bug
0bug
0bug
0bug
0bug
0bug
0bug
0bug
0bug
0bug
0bug
0bug
0bug
0bug
0bug
0bug
0bug
0bug
0bug
0bug
0bug
0bug
0bug
0bug
0bug
0bug
0bug
0bug
0bug
0bug
0bug
0bug
0bug
0bug
0bug
0bug
0bug
0bug
0bug
0bug
0bug
0bug
0bug
0bug
0bug
0bug
0bug
0bug
0bug
0bug
0bug
0bug
0bug
0bug
0bug
0bug
0bug
0bug
0bug
0bug
0bug
0bug
0bug
0bug
0bug
0bug
0bug
0bug
0bug
0bug
0bug
0bug
0bug
0bug
0bug
0bug
0bug
0bug
0bug
0bug
0bug
0bug
0bug
0bug
0bug
0bug
0bug
0bug
0bug
0bug
0bug
0bug
0bug
0bug
0bug
0bug
0bug
0bug
0bug
0bug
0bug
0bug
0bug
0bug
0bug
0bug
0bug
0bug
0bug
0bug
0bug
0bug
0bug
0bug
0bug
0bug
0bug
0bug
0bug
0bug
0bug
0bug
0bug
0bug
0bug
0bug
0bug
0bug
0bug
0bug
0bug
0bug
0bug
0bug
0bug
0bug
0bug
0bug
0bug
0bug
0bug
0bug
0bug
0bug
0bug
0bug
0bug
0bug
0bug
0bug
0bug
0bug
0bug
0bug
0bug
0bug
0bug
0bug
0bug
0bug
0bug
0bug
0bug
0bug
0bug
0bug
0bug
0bug
0bug
0bug
0bug
0bug
0bug
0bug
0bug
0bug
0bug
0bug
0bug
0bug
0bug
0bug
0bug
0bug
0bug
0bug
0bug
0bug
0bug
0bug
0bug
0bug
0bug
0bug
0bug
0bug
0bug
0bug
0bug
0bug
0bug
0bug
0bug
0bug
0bug
0bug
0bug
0bug
0bug
0bug
0bug
0bug
0bug
0bug
0bug
0bug
0bug
0bug
0bug
0bug
0bug
0bug
0bug
0bug
0bug
0bug
0bug
0bug
0bug
0bug
0bug
0bug
0bug
0bug
0bug
0bug
0bug
0bug
0bug
0bug
0bug
0bug
0bug
0bug
0bug
0bug
0bug
0bug
0bug
0bug
0bug
0bug
0bug
0bug
0bug
0bug
0bug
0bug
0bug
0bug
0bug
0bug
0bug
0bug
0bug
0bug
0bug
0bug
0bug
0bug
0bug
0bug
0bug
0bug
0bug
0bug
0bug
0bug
0bug
0bug
0bug
0bug
0bug
0bug
0bug
0bug
0bug
0bug
0bug
0bug
0bug
0bug
0bug
0bug
0bug
0bug
0bug
0bug
0bug
0bug
0bug
0bug
0bug
0bug
0bug
0bug
0bug
0bug
0bug
0bug
0bug
0bug
0bug
0bug
0bug
0bug
0bug
0bug
0bug
0bug
0bug
0bug
0bug
0bug
0bug
0bug
0bug
0bug
0bug
0bug
0bug
0bug
0bug
0bug
0bug
0bug
0bug
0bug
0bug
0bug
0bug
0bug
0bug
0bug
0bug
0bug
0bug
0bug
0bug
0bug
0bug
0bug
0bug
0bug
0bug
0bug
0bug
0bug
0bug
0bug
0bug
0bug
0bug
0bug
0bug
0bug
0bug
0bug
0bug
0bug
0bug
0bug
0bug
0bug
0bug
0bug
0bug
0bug
0bug
0bug
0bug
0bug
0bug
0bug
0bug
0bug
0bug
0bug
0bug
0bug
0bug
0bug
0bug
0bug
0bug
0bug
0bug
0bug
0bug
0bug
0bug
0bug
0bug
0bug
0bug
0bug
0bug
0bug
0bug
0bug
0bug
0bug
0bug
0bug
0bug
0bug
0bug
0bug
0bug
0bug
0bug
0bug
0bug
0bug
0bug
0bug
0bug
0bug
0bug
0bug
0bug
0bug
0bug
0bug
0bug
0bug
0bug
0bug
0bug
0bug
0bug
0bug
0bug
0bug
0bug
0bug
0bug
0bug
0bug
0bug
0bug
0bug
0bug
0bug
0bug
0bug
0bug
0bug
0bug
0bug
0bug
0bug
0bug
0bug
0bug
0bug
0bug
0bug
0bug
0bug
0bug
0bug
0bug
0bug
0bug
0bug
0bug
0bug
0bug
0bug
0bug
0bug
0bug
0bug
0bug
0bug
0bug
0bug
0bug
0bug
0bug
0bug
0bug
0bug
0bug
0bug
0bug
0bug
0bug
0bug
0bug
0bug
0bug
0bug
0bug
0bug
0bug
0bug
0bug
0bug
0bug
0bug
0bug
0bug
0bug
0bug
0bug
0bug
0bug
0bug
0bug
0bug
0bug
0bug
0bug
0bug
0bug
0bug
0bug
0bug
0bug
0bug
0bug
0bug
0bug
0bug
0bug
0bug
0bug
0bug
0bug
0bug
0bug
0bug
0bug
0bug
0bug
0bug
0bug
0bug
0bug
0bug
0bug
0bug
0bug
0bug
0bug
0bug
0bug
0bug
0bug
0bug
0bug
0bug
0bug
0bug
0bug
0bug
0bug
0bug
0bug
0bug
0bug
0bug
0bug
0bug
0bug
0bug
0bug
0bug
0bug
0bug
0bug
0bug
0bug
0bug
0bug
0bug
0bug
0bug
0bug
0bug
0bug
0bug
0bug
0bug
0bug
0bug
0bug
0bug
0bug
0bug
0bug
0bug
0bug
0bug
0bug
0bug
0bug
0bug
0bug
0bug
0bug
0bug
0bug
0bug
0bug
0bug
0bug
0bug
0bug
0bug
0bug
0bug
0bug
0bug
0bug
0bug
0bug
0bug
0bug
0bug
0bug
0bug
0bug
0bug
0bug
0bug
0bug
0bug
0bug
0bug
0bug
0bug
0bug
0bug
0bug
0bug
0bug
0bug
0bug
0bug
0bug
0bug
0bug
0bug
0bug
0bug
0bug
0bug
0bug
0bug
0bug
0bug
0bug
0bug
0bug
0bug
0bug
0bug
0bug
0bug
0bug
0bug
0bug
0bug
0bug
0bug
0bug
0bug
0bug
0bug
0bug
0bug
0bug
0bug
0bug
0bug
0bug
0bug
0bug
0bug
0bug
0bug
0bug
0bug
0bug
0bug
0bug
0bug
0bug
0bug
0bug
0bug
0bug
0bug
0bug
0bug
0bug
0bug
0bug
0bug
0bug
0bug
0bug
0bug
0bug
0bug
0bug
0bug
0bug
0bug
0bug
0bug
0bug
0bug
0bug
0bug
0bug
0bug
0bug
0bug
0bug
0bug
0bug
0bug
0bug
0bug
0bug
0bug
0bug
0bug
0bug
0bug
0bug
0bug
0bug
0bug
0bug
0bug
0bug
0bug
0bug
0bug
0bug
0bug
0bug
0bug
0bug
0bug
0bug
0bug
0bug
0bug
0bug
0bug
0bug
0bug
0bug
0bug
0bug
0bug
0bug
0bug
0bug
0bug
0bug
0bug
0bug
0bug
0bug
0bug
0bug
0bug
0bug
0bug
0bug
0bug
0bug
0bug
0bug
0bug
0bug
0bug
0bug
0bug
0bug
0bug
0bug
0bug
0bug
0bug
0bug
0bug
0bug
0bug
0bug
0bug
0bug
0bug
0bug
0bug
0bug
0bug
0bug
0bug
0bug
0bug
0bug
0bug
0bug
0bug
0bug
0bug
0bug
0bug
0bug
0bug
0bug
0bug
0bug
0bug
0bug
0bug
0bug
0bug
0bug
0bug
0bug
0bug
0bug
0bug
0bug
0bug
0bug
0bug
0bug
0bug
0bug
0bug
0bug
0bug
0bug
0bug
0bug
0bug
0bug
0bug
0bug
0bug
0bug
0bug
0bug
0bug
0bug
0bug
0bug
0bug
0bug
0bug
0bug
0bug
0bug
0bug
0bug
0bug
0bug
0bug
0bug
0bug
0bug
0bug
0bug
0bug
0bug
0bug
0bug
0bug
0bug
0bug
0bug
0bug
0bug
0bug
0bug
0bug
0bug
0bug
0bug
0bug
0bug
0bug
0bug
0bug
0bug
0bug
0bug
0bug
0bug
0bug
0bug
0bug
0bug
0bug
0bug
0bug
0bug
0bug
0bug
0bug
0bug
0bug
0bug
0bug
0bug
0bug
0bug
0bug
0bug
0bug
0bug
0bug
0bug
0bug
0bug
0bug
0bug
0bug
0bug
0bug
0bug
0bug
0bug
0bug
0bug
0bug
0bug
0bug
0bug
0bug
0bug
0bug
0bug
0bug
0bug
0bug
0bug
0bug
0bug
0bug
0bug
0bug
0bug
0bug
0bug
0bug
0bug
0bug
0bug
0bug
0bug
0bug
0bug
0bug
0bug
0bug
0bug
0bug
0bug
0bug
0bug
0bug
0bug
0bug
0bug
0bug
0bug
0bug
0bug
0bug
0bug
0bug
0bug
0bug
0bug
0bug
0bug
0bug
0bug
0bug
0bug
0bug
0bug
0bug
0bug
0bug
0bug
0bug
0bug
0bug
0bug
0bug
0bug
0bug
0bug
0bug
0bug
0bug
0bug
0bug
0bug
0bug
0bug
0bug
0bug
0bug
0bug
0bug
0bug
0bug
0bug
0bug
0bug
0bug
0bug
0bug
0bug
0bug
0bug
0bug
0bug
0bug
0bug
0bug
0bug
0bug
0bug
0bug
0bug
0bug
0bug
0bug
0bug
0bug
0bug
0bug
0bug
0bug
0bug
0bug
0bug
0bug
0bug
0bug
0bug
0bug
0bug
0bug
0bug
0bug
0bug
0bug
0bug
0bug
0bug
0bug
0bug
0bug
0bug
0bug
0bug
0bug
0bug
0bug
0bug
0bug
0bug
0bug
0bug
0bug
0bug
0bug
0bug
0bug
0bug
0bug
0bug
0bug
0bug
0bug
0bug
0bug
0bug
0bug
0bug
0bug
0bug
0bug
0bug
0bug
0bug
0bug
0bug
0bug
0bug
0bug
0bug
0bug
0bug
0bug
0bug
0bug
0bug
0bug
0bug
0bug
0bug
0bug
0bug
0bug
0bug
0bug
0bug
0bug
0bug
0bug
0bug
0bug
0bug
0bug
0bug
0bug
0bug
0bug
0bug
0bug
0bug
0bug
0bug
0bug
0bug
0bug
0bug
0bug
0bug
0bug
0bug
0bug
0bug
0bug
0bug
0bug
0bug
0bug
0bug
0bug
0bug
0bug
0bug
0bug
0bug
0bug
0bug
0bug
0bug
0bug
0bug
0bug
0bug
0bug
0bug
0bug
0bug
0bug
0bug
0bug
0bug
0bug
0bug
0bug
0bug
0bug
0bug
0bug
0bug
0bug
0bug
0bug
0bug
0bug
0bug
0bug
0bug
0bug
0bug
0bug
0bug
0bug
0bug
0bug
0bug
0bug
0bug
0bug
0bug
0bug
0bug
0bug
0bug
0bug
0bug
0bug
0bug
0bug
0bug
0bug
0bug
0bug
0bug
0bug
0bug
0bug
0bug
0bug
0bug
0bug
0bug
0bug
0bug
0bug
0bug
0bug
0bug
0bug
0bug
0bug
0bug
0bug
0bug
0bug
0bug
0bug
0bug
0bug
0bug
0bug
0bug
0bug
0bug
0bug
0bug
0bug
0bug
0bug
0bug
0bug
0bug
0bug
0bug
0bug
0bug
0bug
0bug
0bug
0bug
0bug
0bug
0bug
0bug
0bug
0bug
0bug
0bug
0bug
0bug
0bug
0bug
0bug
0bug
0bug
0bug
0bug
0bug
0bug
0bug
0bug
0bug
0bug
0bug
0bug
0bug
0bug
0bug
0bug
0bug
0bug
0bug
0bug
0bug
0bug
0bug
0bug
0bug
0bug
0bug
0bug
0bug
0bug
0bug
0bug
0bug
0bug
0bug
0bug
0bug
0bug
0bug
0bug
0bug
0bug
0bug
0bug
0bug
0bug
0bug
0bug
0bug
0bug
0bug
0bug
0bug
0bug
0bug
0bug
0bug
0bug
0bug
0bug
0bug
0bug
0bug
0bug
0bug
0bug
0bug
0bug
0bug
0bug
0bug
0bug
0bug
0bug
0bug
0bug
0bug
0bug
0bug
0bug
0bug
0bug
0bug
0bug
0bug
0bug
0bug
0bug
0bug
0bug
0bug
0bug
0bug
0bug
0bug
0bug
0bug
0bug
0bug
0bug
0bug
0bug
0bug
0bug
0bug
0bug
0bug
0bug
0bug
0bug
0bug
0bug
0bug
0bug
0bug
0bug
0bug
0bug
0bug
0bug
0bug
0bug
0bug
0bug
0bug
0bug
0bug
0bug
0bug
0bug
0bug
0bug
0bug
0bug
0bug
0bug
0bug
0bug
0bug
0bug
0bug
0bug
0bug
0bug
0bug
0bug
0bug
0bug
0bug
0bug
0bug
0bug
0bug
0bug
0bug
0bug
0bug
0bug
0bug
0bug
0bug
0bug
0bug
0bug
0bug
0bug
0bug
0bug
0bug
0bug
0bug
0bug
0bug
0bug
0bug
0bug
0bug
0bug
0bug
0bug
0bug
0bug
0bug
0bug
0bug
0bug
0bug
0bug
0bug
0bug
0bug
0bug
0bug
0bug
0bug
0bug
0bug
0bug
0bug
0bug
0bug
0bug
0bug
0bug
0bug
0bug
0bug
0bug
0bug
0bug
0bug
0bug
0bug
0bug
0bug
0bug
0bug
0bug
0bug
0bug
0bug
0bug
0bug
0bug
0bug
0bug
0bug
0bug
0bug
0bug
0bug
0bug
0bug
0bug
0bug
0bug
0bug
0bug
0bug
0bug
0bug
0bug
0bug
0bug
0bug
0bug
0bug
0bug
0bug
0bug
0bug
0bug
0bug
0bug
0bug
0bug
0bug
0bug
0bug
0bug
0bug
0bug
0bug
0bug
0bug
0bug
0bug
0bug
0bug
0bug
0bug
0bug
0bug
0bug
0bug
0bug
0bug
0bug
0bug
0bug
0bug
0bug
0bug
0bug
0bug
0bug
0bug
0bug
0bug
0bug
0bug
0bug
0bug
0bug
0bug
0bug
0bug
0bug
0bug
0bug
0bug
0bug
0bug
0bug
0bug
0bug
0bug
0bug
0bug
0bug
0bug
0bug
0bug
0bug
0bug
0bug
0bug
0bug
0bug
0bug
0bug
0bug
0bug
0bug
0bug
0bug
0bug
0bug
0bug
0bug
0bug
0bug
0bug
0bug
0bug
0bug
0bug
0bug
0bug
0bug
0bug
0bug
0bug
0bug
0bug
0bug
0bug
0bug
0bug
0bug
0bug
0bug
0bug
0bug
0bug
0bug
0bug
0bug
0bug
0bug
0bug
0bug
0bug
0bug
0bug
0bug
0bug
0bug
0bug
0bug
0bug
0bug
0bug
0bug
0bug
0bug
0bug
0bug
0bug
0bug
0bug
0bug
0bug
0bug
0bug
0bug
0bug
0bug
0bug
0bug
0bug
0bug
0bug
0bug
0bug
0bug
0bug
0bug
0bug
0bug
0bug
0bug
0bug
0bug
0bug
0bug
0bug
0bug
0bug
0bug
0bug
0bug
0bug
0bug
0bug
0bug
0bug
0bug
0bug
0bug
0bug
0bug
0bug
0bug
0bug
0bug
0bug
0bug
0bug
0bug
0bug
0bug
0bug
0bug
0bug
0bug
0bug
0bug
0bug
0bug
0bug
0bug
0bug
0bug
0bug
0bug
0bug
0bug
0bug
0bug
0bug
0bug
0bug
0bug
0bug
0bug
0bug
0bug
0bug
0bug
0bug
0bug
0bug
0bug
0bug
0bug
0bug
0bug
0bug
0bug
0bug
0bug
0bug
0bug
0bug
0bug
0bug
0bug
0bug
0bug
0bug
0bug
0bug
0bug
0bug
0bug
0bug
0bug
0bug
0bug
0bug
0bug
0bug
0bug
0bug
0bug
0bug
0bug
0bug
0bug
0bug
0bug
0bug
0bug
0bug
0bug
0bug
0bug
0bug
0bug
0bug
0bug
0bug
0bug
0bug
0bug
0bug
0bug
0bug
0bug
0bug
0bug
0bug
0bug
0bug
0bug
0bug
0bug
0bug
0bug
0bug
0bug
0bug
0bug
0bug
0bug
0bug
0bug
0bug
0bug
0bug
0bug
0bug
0bug
0bug
0bug
0bug
0bug
0bug
0bug
0bug
0bug
0bug
0bug
0bug
0bug
0bug
0bug
0bug
0bug
0bug
0bug
0bug
0bug
0bug
0bug
0bug
0bug
0bug
0bug
0bug
0bug
0bug
0bug
0bug
0bug
0bug
0bug
0bug
0bug
0bug
0bug
0bug
0bug
0bug
14bug
14bug
14bug
14bug
14bug
14bug
14bug
14bug
14bug
14bug
14bug
14bug
14bug
14bug
14bug
14bug
14bug
14bug
14bug
14bug
14bug
14bug
14bug
14bug
14bug
14bug
14bug
14bug
14bug
14bug
14bug
14bug
14bug
14bug
14bug
14bug
14bug
14bug
14bug
14bug
14bug
14bug
14bug
14bug
14bug
14bug
14bug
14bug
14bug
14bug
14bug
14bug
14bug
14bug
14bug
14bug
14bug
14bug
14bug
14bug
14bug
14bug
14bug
14bug
14bug
14bug
14bug
14bug
14bug
14bug
14bug
14bug
14bug
14bug
14bug
14bug
14bug
14bug
14bug
14bug
14bug
14bug
14bug
14bug
14bug
14bug
14bug
14bug
14bug
14bug
14bug
14bug
14bug
14bug
14bug
14bug
14bug
14bug
14bug
14bug
14bug
14bug
14bug
14bug
14bug
14bug
14bug
14bug
14bug
14bug
14bug
14bug
14bug
14bug
14bug
14bug
14bug
14bug
14bug
14bug
14bug
14bug
14bug
14bug
14bug
14bug
14bug
14bug
14bug
14bug
14bug
14bug
14bug
14bug
14bug
14bug
14bug
14bug
14bug
14bug
14bug
14bug
14bug
14bug
14bug
14bug
14bug
14bug
14bug
14bug
14bug
14bug
14bug
14bug
14bug
14bug
14bug
14bug
14bug
14bug
14bug
14bug
14bug
14bug
14bug
14bug
14bug
14bug
14bug
14bug
14bug
14bug
14bug
14bug
14bug
14bug
14bug
14bug
14bug
14bug
14bug
14bug
14bug
14bug
14bug
14bug
14bug
14bug
14bug
14bug
14bug
14bug
14bug
14bug
14bug
14bug
14bug
14bug
14bug
14bug
14bug
14bug
14bug
14bug
14bug
14bug
14bug
14bug
14bug
14bug
14bug
14bug
14bug
14bug
14bug
14bug
14bug
14bug
14bug
14bug
14bug
14bug
14bug
14bug
14bug
14bug
14bug
14bug
14bug
14bug
14bug
14bug
14bug
14bug
14bug
14bug
14bug
14bug
14bug
14bug
14bug
14bug
14bug
14bug
14bug
14bug
14bug
14bug
14bug
14bug
14bug
14bug
14bug
14bug
14bug
14bug
14bug
14bug
14bug
14bug
14bug
14bug
14bug
14bug
14bug
14bug
14bug
14bug
14bug
14bug
14bug
14bug
14bug
14bug
14bug
14bug
14bug
14bug
14bug
14bug
14bug
14bug
14bug
14bug
14bug
14bug
14bug
14bug
14bug
14bug
14bug
14bug
14bug
14bug
14bug
14bug
14bug
14bug
14bug
14bug
14bug
14bug
14bug
14bug
14bug
14bug
14bug
14bug
14bug
14bug
14bug
14bug
14bug
14bug
14bug
14bug
14bug
14bug
14bug
14bug
14bug
14bug
14bug
14bug
14bug
14bug
14bug
14bug
14bug
14bug
14bug
14bug
14bug
14bug
14bug
14bug
14bug
14bug
14bug
14bug
14bug
14bug
14bug
14bug
14bug
14bug
14bug
14bug
14bug
14bug
14bug
14bug
14bug
14bug
14bug
14bug
14bug
14bug
14bug
14bug
14bug
14bug
14bug
14bug
14bug
14bug
14bug
14bug
14bug
14bug
14bug
14bug
14bug
14bug
14bug
14bug
14bug
14bug
14bug
14bug
14bug
14bug
14bug
14bug
14bug
14bug
14bug
14bug
14bug
14bug
14bug
14bug
14bug
14bug
14bug
14bug
14bug
14bug
14bug
14bug
14bug
14bug
14bug
14bug
14bug
14bug
14bug
14bug
14bug
14bug
14bug
14bug
14bug
14bug
14bug
14bug
14bug
14bug
14bug
14bug
14bug
14bug
14bug
14bug
14bug
14bug
14bug
14bug
14bug
14bug
14bug
14bug
14bug
14bug
14bug
14bug
14bug
14bug
14bug
14bug
14bug
14bug
14bug
14bug
14bug
14bug
14bug
14bug
14bug
14bug
14bug
14bug
14bug
14bug
14bug
14bug
14bug
14bug
14bug
14bug
14bug
14bug
14bug
14bug
14bug
14bug
14bug
14bug
14bug
14bug
14bug
14bug
14bug
14bug
14bug
14bug
14bug
14bug
14bug
14bug
14bug
14bug
14bug
14bug
14bug
14bug
14bug
14bug
14bug
14bug
14bug
14bug
14bug
14bug
14bug
14bug
14bug
14bug
14bug
14bug
14bug
14bug
14bug
14bug
14bug
14bug
14bug
14bug
14bug
14bug
14bug
14bug
14bug
14bug
14bug
14bug
14bug
14bug
14bug
14bug
14bug
14bug
14bug
14bug
14bug
14bug
14bug
14bug
14bug
14bug
14bug
14bug
14bug
14bug
14bug
14bug
14bug
14bug
14bug
14bug
14bug
14bug
14bug
14bug
14bug
14bug
14bug
14bug
14bug
14bug
14bug
14bug
14bug
14bug
14bug
14bug
14bug
14bug
14bug
14bug
14bug
14bug
14bug
14bug
14bug
14bug
14bug
14bug
14bug
14bug
14bug
14bug
14bug
14bug
14bug
14bug
14bug
14bug
14bug
14bug
14bug
14bug
14bug
14bug
14bug
14bug
14bug
14bug
14bug
14bug
14bug
14bug
14bug
14bug
14bug
14bug
14bug
14bug
14bug
14bug
14bug
14bug
14bug
14bug
14bug
14bug
14bug
14bug
14bug
14bug
14bug
14bug
0bug
0bug
0bug
0bug
0bug
0bug
0bug
0bug
0bug
0bug
0bug
0bug
0bug
0bug
0bug
0bug
0bug
0bug
0bug
0bug
0bug
0bug
0bug
0bug
0bug
0bug
0bug
0bug
0bug
0bug
0bug
0bug
0bug
0bug
0bug
0bug
0bug
0bug
0bug
0bug
0bug
0bug
0bug
0bug
0bug
0bug
0bug
0bug
0bug
0bug
0bug
0bug
0bug
0bug
0bug
0bug
0bug
0bug
0bug
0bug
0bug
0bug
0bug
0bug
0bug
0bug
0bug
0bug
0bug
0bug
0bug
0bug
0bug
0bug
0bug
0bug
0bug
0bug
0bug
0bug
0bug
0bug
0bug
0bug
0bug
0bug
0bug
0bug
0bug
0bug
0bug
0bug
0bug
0bug
0bug
0bug
0bug
0bug
0bug
0bug
0bug
0bug
0bug
0bug
0bug
0bug
0bug
0bug
0bug
0bug
0bug
0bug
0bug
0bug
0bug
0bug
0bug
0bug
0bug
0bug
0bug
0bug
0bug
0bug
0bug
0bug
0bug
0bug
0bug
0bug
0bug
0bug
0bug
0bug
0bug
0bug
0bug
0bug
0bug
0bug
0bug
0bug
0bug
0bug
0bug
0bug
0bug
0bug
0bug
0bug
0bug
0bug
0bug
0bug
0bug
0bug
0bug
0bug
0bug
0bug
0bug
0bug
0bug
0bug
0bug
0bug
0bug
0bug
0bug
0bug
0bug
0bug
0bug
0bug
0bug
0bug
0bug
0bug
0bug
0bug
0bug
0bug
0bug
0bug
0bug
0bug
0bug
0bug
0bug
0bug
0bug
0bug
0bug
0bug
0bug
0bug
0bug
0bug
0bug
0bug
0bug
0bug
0bug
0bug
0bug
0bug
0bug
0bug
0bug
0bug
0bug
0bug
0bug
0bug
0bug
0bug
0bug
0bug
0bug
0bug
0bug
0bug
0bug
0bug
0bug
0bug
0bug
0bug
0bug
0bug
0bug
0bug
0bug
0bug
0bug
0bug
0bug
0bug
0bug
0bug
0bug
0bug
0bug
0bug
0bug
0bug
0bug
0bug
0bug
0bug
0bug
0bug
0bug
0bug
0bug
0bug
0bug
0bug
0bug
0bug
0bug
0bug
0bug
0bug
0bug
0bug
0bug
0bug
0bug
0bug
0bug
0bug
0bug
0bug
0bug
0bug
0bug
0bug
0bug
0bug
0bug
0bug
0bug
0bug
0bug
0bug
0bug
0bug
0bug
0bug
0bug
0bug
0bug
0bug
0bug
0bug
0bug
0bug
0bug
0bug
0bug
0bug
0bug
0bug
0bug
0bug
0bug
0bug
0bug
0bug
0bug
0bug
0bug
0bug
0bug
0bug
0bug
0bug
0bug
0bug
0bug
0bug
0bug
0bug
0bug
0bug
0bug
0bug
0bug
0bug
0bug
0bug
0bug
0bug
0bug
0bug
0bug
0bug
0bug
0bug
0bug
0bug
0bug
0bug
0bug
0bug
0bug
0bug
0bug
0bug
0bug
0bug
0bug
0bug
0bug
0bug
0bug
0bug
0bug
0bug
0bug
0bug
0bug
0bug
0bug
0bug
0bug
0bug
0bug
0bug
0bug
0bug
0bug
0bug
0bug
0bug
0bug
0bug
0bug
0bug
0bug
0bug
0bug
0bug
0bug
0bug
0bug
0bug
0bug
0bug
0bug
0bug
0bug
0bug
0bug
0bug
0bug
0bug
0bug
0bug
0bug
0bug
0bug
0bug
0bug
0bug
0bug
0bug
0bug
0bug
0bug
0bug
0bug
0bug
0bug
0bug
0bug
0bug
0bug
0bug
0bug
0bug
0bug
0bug
0bug
0bug
0bug
0bug
0bug
0bug
0bug
0bug
0bug
0bug
0bug
0bug
0bug
0bug
0bug
0bug
0bug
0bug
0bug
0bug
0bug
0bug
0bug
0bug
0bug
0bug
0bug
0bug
0bug
0bug
0bug
0bug
0bug
0bug
0bug
0bug
0bug
0bug
0bug
0bug
0bug
0bug
0bug
0bug
0bug
0bug
0bug
0bug
0bug
0bug
0bug
0bug
0bug
0bug
0bug
0bug
0bug
0bug
0bug
0bug
0bug
0bug
0bug
0bug
0bug
0bug
0bug
0bug
0bug
0bug
0bug
0bug
0bug
0bug
0bug
0bug
0bug
0bug
0bug
0bug
0bug
0bug
0bug
0bug
0bug
0bug
0bug
0bug
0bug
0bug
0bug
0bug
0bug
0bug
0bug
0bug
0bug
0bug
0bug
0bug
0bug
0bug
0bug
0bug
0bug
0bug
0bug
0bug
0bug
0bug
0bug
0bug
0bug
0bug
0bug
0bug
0bug
0bug
0bug
0bug
0bug
0bug
0bug
0bug
0bug
0bug
0bug
0bug
0bug
0bug
0bug
0bug
0bug
0bug
0bug
0bug
0bug
0bug
0bug
0bug
0bug
0bug
0bug
0bug
0bug
0bug
0bug
0bug
0bug
0bug
0bug
0bug
0bug
0bug
0bug
0bug
0bug
0bug
0bug
0bug
0bug
0bug
0bug
0bug
0bug
0bug
0bug
0bug
0bug
0bug
0bug
0bug
0bug
0bug
0bug
0bug
0bug
0bug
0bug
0bug
0bug
0bug
0bug
0bug
0bug
0bug
0bug
0bug
0bug
0bug
0bug
0bug
0bug
0bug
0bug
0bug
0bug
0bug
0bug
0bug
0bug
0bug
0bug
0bug
0bug
0bug
0bug
0bug
0bug
0bug
0bug
0bug
0bug
0bug
0bug
0bug
0bug
0bug
0bug
0bug
0bug
0bug
0bug
0bug
0bug
0bug
0bug
0bug
0bug
0bug
0bug
0bug
0bug
0bug
0bug
0bug
0bug
0bug
0bug
0bug
0bug
0bug
0bug
0bug
0bug
0bug
0bug
0bug
0bug
0bug
0bug
0bug
0bug
0bug
0bug
0bug
0bug
0bug
0bug
0bug
0bug
0bug
0bug
0bug
0bug
0bug
0bug
0bug
0bug
0bug
0bug
0bug
0bug
0bug
0bug
0bug
0bug
0bug
0bug
0bug
0bug
0bug
0bug
0bug
0bug
0bug
0bug
0bug
0bug
0bug
0bug
0bug
0bug
0bug
0bug
0bug
0bug
0bug
0bug
0bug
0bug
0bug
0bug
0bug
0bug
0bug
0bug
0bug
0bug
0bug
0bug
0bug
0bug
0bug
0bug
0bug
0bug
0bug
0bug
0bug
0bug
0bug
0bug
0bug
0bug
0bug
0bug
0bug
0bug
0bug
0bug
0bug
0bug
0bug
0bug
0bug
0bug
0bug
0bug
0bug
0bug
0bug
0bug
0bug
0bug
0bug
0bug
0bug
0bug
0bug
0bug
0bug
0bug
0bug
0bug
0bug
0bug
0bug
0bug
0bug
0bug
0bug
0bug
0bug
0bug
0bug
0bug
0bug
0bug
0bug
0bug
0bug
0bug
0bug
0bug
0bug
0bug
0bug
0bug
0bug
0bug
0bug
0bug
0bug
0bug
0bug
0bug
0bug
0bug
0bug
0bug
0bug
0bug
0bug
0bug
0bug
0bug
0bug
0bug
0bug
0bug
0bug
0bug
0bug
0bug
0bug
0bug
0bug
0bug
0bug
0bug
0bug
0bug
0bug
0bug
0bug
0bug
0bug
0bug
0bug
0bug
0bug
0bug
0bug
0bug
0bug
0bug
0bug
0bug
0bug
0bug
0bug
0bug
0bug
0bug
0bug
0bug
0bug
0bug
0bug
0bug
0bug
0bug
0bug
0bug
0bug
0bug
0bug
0bug
0bug
0bug
0bug
0bug
0bug
0bug
0bug
0bug
0bug
0bug
0bug
0bug
0bug
0bug
0bug
0bug
0bug
0bug
0bug
0bug
0bug
0bug
0bug
0bug
0bug
0bug
0bug
0bug
0bug
0bug
0bug
0bug
0bug
0bug
0bug
0bug
0bug
0bug
0bug
0bug
0bug
0bug
0bug
0bug
0bug
0bug
0bug
0bug
0bug
0bug
0bug
0bug
0bug
0bug
0bug
0bug
0bug
0bug
0bug
0bug
0bug
0bug
0bug
0bug
0bug
0bug
0bug
0bug
0bug
0bug
0bug
0bug
0bug
0bug
0bug
0bug
0bug
0bug
0bug
0bug
0bug
0bug
0bug
0bug
0bug
0bug
0bug
0bug
0bug
0bug
0bug
0bug
0bug
0bug
0bug
0bug
0bug
0bug
0bug
0bug
0bug
0bug
0bug
0bug
0bug
0bug
0bug
0bug
0bug
0bug
0bug
0bug
0bug
0bug
0bug
0bug
0bug
0bug
0bug
0bug
0bug
0bug
0bug
0bug
0bug
0bug
0bug
0bug
0bug
0bug
0bug
0bug
0bug
0bug
0bug
0bug
0bug
0bug
0bug
0bug
0bug
0bug
0bug
0bug
0bug
0bug
0bug
0bug
0bug
0bug
0bug
0bug
0bug
0bug
0bug
0bug
0bug
0bug
0bug
0bug
0bug
0bug
0bug
0bug
0bug
0bug
0bug
0bug
0bug
0bug
0bug
0bug
0bug
0bug
0bug
0bug
0bug
0bug
0bug
0bug
0bug
0bug
0bug
0bug
0bug
0bug
0bug
0bug
0bug
0bug
0bug
0bug
0bug
0bug
0bug
0bug
0bug
0bug
0bug
0bug
0bug
0bug
0bug
0bug
0bug
0bug
0bug
0bug
0bug
0bug
0bug
0bug
0bug
0bug
0bug
0bug
0bug
0bug
0bug
0bug
0bug
0bug
0bug
0bug
0bug
0bug
0bug
0bug
0bug
0bug
0bug
0bug
0bug
0bug
0bug
0bug
0bug
0bug
0bug
0bug
0bug
0bug
0bug
0bug
0bug
0bug
0bug
0bug
0bug
0bug
0bug
0bug
0bug
0bug
0bug
0bug
0bug
0bug
0bug
0bug
0bug
0bug
0bug
0bug
0bug
0bug
0bug
0bug
0bug
0bug
0bug
0bug
0bug
0bug
0bug
0bug
0bug
0bug
0bug
0bug
0bug
0bug
0bug
0bug
0bug
0bug
0bug
0bug
0bug
0bug
0bug
0bug
0bug
0bug
0bug
0bug
0bug
0bug
0bug
0bug
0bug
0bug
0bug
0bug
0bug
0bug
0bug
0bug
0bug
0bug
0bug
0bug
0bug
0bug
0bug
0bug
0bug
0bug
0bug
0bug
0bug
0bug
0bug
0bug
0bug
0bug
0bug
0bug
0bug
0bug
0bug
0bug
0bug
0bug
0bug
0bug
0bug
0bug
0bug
0bug
0bug
0bug
0bug
0bug
0bug
0bug
0bug
0bug
0bug
0bug
0bug
0bug
0bug
0bug
0bug
0bug
0bug
0bug
0bug
0bug
0bug
0bug
0bug
0bug
0bug
0bug
0bug
0bug
0bug
0bug
0bug
0bug
0bug
0bug
0bug
0bug
0bug
0bug
0bug
0bug
0bug
0bug
0bug
0bug
0bug
0bug
0bug
0bug
0bug
0bug
0bug
0bug
0bug
0bug
0bug
0bug
0bug
0bug
0bug
0bug
0bug
0bug
0bug
0bug
0bug
0bug
0bug
0bug
0bug
0bug
0bug
0bug
0bug
0bug
0bug
0bug
0bug
0bug
0bug
0bug
0bug
0bug
0bug
0bug
0bug
0bug
0bug
0bug
0bug
0bug
0bug
0bug
0bug
0bug
0bug
0bug
0bug
0bug
0bug
0bug
0bug
0bug
0bug
0bug
0bug
0bug
0bug
0bug
0bug
0bug
0bug
0bug
0bug
0bug
0bug
0bug
0bug
0bug
0bug
0bug
0bug
0bug
0bug
0bug
0bug
0bug
0bug
0bug
0bug
0bug
0bug
0bug
0bug
0bug
0bug
0bug
0bug
0bug
0bug
0bug
0bug
0bug
0bug
0bug
0bug
0bug
0bug
0bug
0bug
0bug
0bug
0bug
0bug
0bug
0bug
0bug
0bug
0bug
0bug
0bug
0bug
0bug
0bug
0bug
0bug
0bug
0bug
0bug
0bug
0bug
0bug
0bug
0bug
0bug
0bug
0bug
0bug
0bug
0bug
0bug
0bug
0bug
0bug
0bug
0bug
0bug
0bug
0bug
0bug
0bug
0bug
0bug
0bug
0bug
0bug
0bug
0bug
0bug
0bug
0bug
0bug
0bug
0bug
0bug
0bug
0bug
0bug
0bug
0bug
0bug
0bug
0bug
0bug
0bug
0bug
0bug
0bug
0bug
0bug
0bug
0bug
0bug
0bug
0bug
0bug
0bug
0bug
0bug
0bug
0bug
0bug
0bug
0bug
0bug
0bug
0bug
0bug
0bug
0bug
0bug
0bug
0bug
0bug
0bug
0bug
0bug
0bug
0bug
0bug
0bug
0bug
0bug
0bug
0bug
0bug
0bug
0bug
0bug
0bug
0bug
0bug
0bug
0bug
0bug
0bug
0bug
0bug
0bug
0bug
0bug
0bug
0bug
0bug
0bug
0bug
0bug
0bug
0bug
0bug
0bug
0bug
0bug
0bug
0bug
0bug
0bug
0bug
0bug
0bug
0bug
0bug
0bug
0bug
0bug
0bug
0bug
0bug
0bug
0bug
0bug
0bug
0bug
0bug
0bug
0bug
0bug
0bug
0bug
0bug
0bug
